<html>
<body>
<pre>
<h1>µVision Build Log</h1>
<h2>Tool Versions:</h2>
IDE-Version: µVision V5.37.0.0
Copyright (C) 2022 ARM Ltd and ARM Germany GmbH. All rights reserved.
License Information: Muharrem Süslü, Abdullah Gül University, LIC=----
 
Tool Versions:
Toolchain:       MDK-Lite  Version: 5.37.0.0
Toolchain Path:  C:\Keil_v5\ARM\ARMCLANG\Bin
C Compiler:      ArmClang.exe V6.18
Assembler:       Armasm.exe V6.18
Linker/Locator:  ArmLink.exe V6.18
Library Manager: ArmAr.exe V6.18
Hex Converter:   FromElf.exe V6.18
CPU DLL:         SARMCM3.DLL V5.37.0.0
Dialog DLL:      DCM.DLL V1.17.5.0
Target DLL:      STLink\ST-LINKIII-KEIL_SWO.dll V3.0.9.0
Dialog DLL:      TCM.DLL V1.56.1.0
 
<h2>Project:</h2>
C:\Users\cedim\Documents\uVision\l452_UART\l452_UART.uvprojx
Project File Date:  12/18/2022

<h2>Output:</h2>
*** Using Compiler 'V6.18', folder: 'C:\Keil_v5\ARM\ARMCLANG\Bin'
Rebuild target 'Target 1'
assembling startup_stm32l452xx.s...
compiling system_stm32l4xx.c...
main.c(1): warning: // comments are not allowed in this language [-Wcomment]
#include "stm32l4xx.h"                  // Device header
                                        ^
main.c(53): warning: implicit conversion changes signedness: 'int' to 'unsigned int' [-Wsign-conversion]
        GPIOA->OSPEEDR &= ~(0xff);
                       ~~ ^~~~~~~
main.c(62): warning: implicit conversion changes signedness: 'int' to 'unsigned int' [-Wsign-conversion]
        USART2->CR1 &= ~(1<<12) & ~(1<<28);
                    ~~ ~~~~~~~~~^~~~~~~~~~
main.c(86): warning: implicit conversion loses integer precision: 'volatile uint16_t' (aka 'volatile unsigned short') to 'uint8_t' (aka 'unsigned char') [-Wimplicit-int-conversion]
        temp = USART2->RDR;
             ~ ~~~~~~~~^~~
main.c(116): warning: 'return' will never be executed [-Wunreachable-code-return]
return 0;
       ^
main.c(44): warning: no previous extern declaration for non-static variable 'uartdiv' [-Wmissing-variable-declarations]
volatile uint16_t  uartdiv;
                   ^
main.c(44): note: declare 'static' if the variable is not intended to be used outside of this translation unit
volatile uint16_t  uartdiv;
         ^
main.c(70): warning: no previous extern declaration for non-static variable 'a' [-Wmissing-variable-declarations]
int a;
    ^
main.c(70): note: declare 'static' if the variable is not intended to be used outside of this translation unit
int a;
^
7 warnings generated.
compiling main.c...
linking...
Program Size: Code=884 RO-data=420 RW-data=0 ZI-data=1640  
".\Objects\l452_UART.axf" - 0 Error(s), 7 Warning(s).

<h2>Software Packages used:</h2>

Package Vendor: ARM
                http://www.keil.com/pack/ARM.CMSIS.5.9.0.pack
                ARM.CMSIS.5.9.0
                CMSIS (Common Microcontroller Software Interface Standard)
   * Component: CORE Version: 5.6.0

Package Vendor: Keil
                http://www.keil.com/pack/Keil.STM32L4xx_DFP.2.6.1.pack
                Keil.STM32L4xx_DFP.2.6.1
                STMicroelectronics STM32L4 Series Device Support, Drivers and Examples
   * Component: Startup Version: 1.3.1

<h2>Collection of Component include folders:</h2>
  ./RTE/_Target_1
  C:/Users/cedim/AppData/Local/Arm/Packs/ARM/CMSIS/5.9.0/CMSIS/Core/Include
  C:/Users/cedim/AppData/Local/Arm/Packs/Keil/STM32L4xx_DFP/2.6.1/Drivers/CMSIS/Device/ST/STM32L4xx/Include

<h2>Collection of Component Files used:</h2>

   * Component: ARM::CMSIS:CORE:5.6.0

   * Component: Keil::Device:Startup:1.3.1
      Source file:   MDK/Device/Source/ARM/STM32L4xx_SB_OPT.s
      Source file:   Drivers/CMSIS/Device/ST/STM32L4xx/Source/Templates/arm/startup_stm32l452xx.s
      Include file:  Drivers/CMSIS/Device/ST/STM32L4xx/Include/stm32l4xx.h
      Source file:   Drivers/CMSIS/Device/ST/STM32L4xx/Source/Templates/system_stm32l4xx.c
Build Time Elapsed:  00:00:00
</pre>
</body>
</html>
